# @generated
# To regenerate, run:
# ```
# STARLARK_RUST_REGENERATE_GOLDEN_TESTS=1 cargo test -p starlark --lib tests
# ```

Program:
def stuff():
  if 1:
    if 1:
      pass
  pass

Tokens:
keyword 'def'             # def
identifier 'stuff'        # stuff
symbol '('                # (
symbol ')'                # )
symbol ':'                # :
new line                  # \n
new indentation block     #   
keyword 'if'              # if
integer literal '1'       # 1
symbol ':'                # :
new line                  # \n
new indentation block     #     
keyword 'if'              # if
integer literal '1'       # 1
symbol ':'                # :
new line                  # \n
new indentation block     #       
keyword 'pass'            # pass
new line                  # \n
end of indentation block  # 
end of indentation block  # 
keyword 'pass'            # pass
new line                  # 
end of indentation block  #
