# @generated
# To regenerate, run:
# ```
# STARLARK_RUST_REGENERATE_GOLDEN_TESTS=1 cargo test -p starlark --lib tests
# ```

Program:
f"basic1 {stuff1}"
f'basic2 {stuff2}'

# Raw f-string

fr'' fr"" fr'\'' fr"\"" fr'"' fr"'" fr'\n'

Tokens:
f-string "basic1 {stuff1}"  # f"basic1 {stuff1}"
new line                    # \n
f-string "basic2 {stuff2}"  # f'basic2 {stuff2}'
new line                    # \n
new line                    # \n
comment ' Raw f-string'     # # Raw f-string
new line                    # \n
f-string ""                 # fr''
f-string ""                 # fr""
f-string "'"                # fr'\''
f-string "\""               # fr"\""
f-string "\""               # fr'"'
f-string "'"                # fr"'"
f-string "\\n"              # fr'\n'
new line                    #
