# @generated
# To regenerate, run:
# ```
# STARLARK_RUST_REGENERATE_GOLDEN_TESTS=1 cargo test -p starlark --lib tests
# ```

Program:
0.0 0. .0
1e10 1e+10 1e-10
1.1e10 1.1e+10 1.1e-10
0. .123 3.14 .2e3 1E+4

Tokens:
float literal '0'              # 0.0
float literal '0'              # 0.
float literal '0'              # .0
new line                       # \n
float literal '10000000000'    # 1e10
float literal '10000000000'    # 1e+10
float literal '0.0000000001'   # 1e-10
new line                       # \n
float literal '11000000000'    # 1.1e10
float literal '11000000000'    # 1.1e+10
float literal '0.00000000011'  # 1.1e-10
new line                       # \n
float literal '0'              # 0.
float literal '0.123'          # .123
float literal '3.14'           # 3.14
float literal '200'            # .2e3
float literal '10000'          # 1E+4
new line                       #
