# @generated
# To regenerate, run:
# ```
# STARLARK_RUST_REGENERATE_GOLDEN_TESTS=1 cargo test -p starlark --lib tests
# ```

Program:
0 123
0x7F 0x7d
0B1011 0b1010
0o755 0O753

Tokens:
integer literal '0'    # 0
integer literal '123'  # 123
new line               # \n
integer literal '127'  # 0x7F
integer literal '125'  # 0x7d
new line               # \n
integer literal '11'   # 0B1011
integer literal '10'   # 0b1010
new line               # \n
integer literal '493'  # 0o755
integer literal '491'  # 0O753
new line               #
