# @generated
# To regenerate, run:
# ```
# STARLARK_RUST_REGENERATE_GOLDEN_TESTS=1 cargo test -p starlark --lib tests
# ```

Program:
and else load break for not not  in continue if or def in pass elif return lambda

Tokens:
keyword 'and'       # and
keyword 'else'      # else
keyword 'load'      # load
keyword 'break'     # break
keyword 'for'       # for
keyword 'not'       # not
keyword 'not'       # not
keyword 'in'        # in
keyword 'continue'  # continue
keyword 'if'        # if
keyword 'or'        # or
keyword 'def'       # def
keyword 'in'        # in
keyword 'pass'      # pass
keyword 'elif'      # elif
keyword 'return'    # return
keyword 'lambda'    # lambda
new line            #
