# @generated
# To regenerate, run:
# ```
# STARLARK_RUST_REGENERATE_GOLDEN_TESTS=1 cargo test -p starlark --lib tests
# ```

Program:
cmd = """A \
    B \
    C \
    """

Tokens:
identifier 'cmd'                     # cmd
symbol '='                           # =
string literal "A     B     C     "  # """A \\n    B \\n    C \\n    """
new line                             #
